2026-03-18 11:47:34 - root - INFO - [日志] 日志文件: /Users/lizhao/workspace/DeepReader/logs/deeppdf.log
2026-03-18 11:47:34 - root - INFO - [日志] 最大大小: 100MB, 备份数: 5
2026-03-18 11:47:37 - deeppdf.services.file_storage - DEBUG - [文件存储] 存储目录: data/uploads
2026-03-18 11:47:37 - deeppdf.services.file_storage - DEBUG - [文件存储] 元数据目录: data/files_meta
2026-03-18 11:47:37 - deeppdf.services.config_storage - DEBUG - [配置存储] 存储目录: data/configs/configs
2026-03-18 11:47:37 - deeppdf.services.file_storage - DEBUG - [文件存储] 存储目录: data/uploads
2026-03-18 11:47:37 - deeppdf.services.file_storage - DEBUG - [文件存储] 元数据目录: data/files_meta
2026-03-18 11:47:47 - root - INFO - [日志] 日志文件: /Users/lizhao/workspace/DeepReader/logs/deeppdf.log
2026-03-18 11:47:47 - root - INFO - [日志] 最大大小: 100MB, 备份数: 5
2026-03-18 11:47:50 - deeppdf.services.file_storage - DEBUG - [文件存储] 存储目录: data/uploads
2026-03-18 11:47:50 - deeppdf.services.file_storage - DEBUG - [文件存储] 元数据目录: data/files_meta
2026-03-18 11:47:50 - deeppdf.services.config_storage - DEBUG - [配置存储] 存储目录: data/configs/configs
2026-03-18 11:47:50 - deeppdf.services.file_storage - DEBUG - [文件存储] 存储目录: data/uploads
2026-03-18 11:47:50 - deeppdf.services.file_storage - DEBUG - [文件存储] 元数据目录: data/files_meta
2026-03-18 11:47:55 - root - INFO - [日志] 日志文件: /Users/lizhao/workspace/DeepReader/logs/deeppdf.log
2026-03-18 11:47:55 - root - INFO - [日志] 最大大小: 100MB, 备份数: 5
2026-03-18 11:47:57 - deeppdf.services.file_storage - DEBUG - [文件存储] 存储目录: data/uploads
2026-03-18 11:47:57 - deeppdf.services.file_storage - DEBUG - [文件存储] 元数据目录: data/files_meta
2026-03-18 11:47:57 - deeppdf.services.config_storage - DEBUG - [配置存储] 存储目录: data/configs/configs
2026-03-18 11:47:57 - deeppdf.services.file_storage - DEBUG - [文件存储] 存储目录: data/uploads
2026-03-18 11:47:57 - deeppdf.services.file_storage - DEBUG - [文件存储] 元数据目录: data/files_meta
2026-03-18 11:47:57 - test - INFO - 测试日志消息
2026-03-18 11:48:10 - deeppdf.api.routes - INFO - [任务清理] 已启动后台任务清理器
2026-03-18 11:48:10 - deeppdf.api.routes - INFO - 
2026-03-18 11:48:10 - deeppdf.api.routes - INFO - ============================================================
2026-03-18 11:48:10 - deeppdf.api.routes - INFO - [API请求] POST /api/index
2026-03-18 11:48:10 - deeppdf.api.routes - INFO - [API请求] 时间: 2026-03-18 11:48:10
2026-03-18 11:48:10 - deeppdf.api.routes - INFO - [API请求] 客户端: 127.0.0.1
2026-03-18 11:48:10 - deeppdf.api.routes - INFO - ============================================================
2026-03-18 11:48:10 - deeppdf.api.routes - INFO - [文件导入] 从本地路径导入: /Users/lizhao/workspace/DeepReader/backend/data/uploads/如何阅读一本书.epub
2026-03-18 11:48:10 - deeppdf.services.file_storage - INFO - [文件存储] 找到相同内容的文件: f_2fcd0ce5e77c (如何阅读一本书.epub)
2026-03-18 11:48:10 - deeppdf.services.file_storage - INFO - [文件存储] 检测到重复文件，复用已有文件: f_2fcd0ce5e77c
2026-03-18 11:48:10 - deeppdf.services.file_storage - INFO - [文件存储] 找到匹配的 results 文件: 如何阅读一本书_20260309_182000.json
2026-03-18 11:48:10 - deeppdf.services.file_storage - INFO - [文件存储] 从 results 复用: 如何阅读一本书_20260309_182000.json
2026-03-18 11:48:10 - deeppdf.services.file_storage - INFO - [文件存储] 找到匹配的索引文件: idx_1bccb7361edb.json
2026-03-18 11:48:10 - deeppdf.services.file_storage - INFO - [文件导入] 找到匹配的索引: idx_1bccb7361edb.json
2026-03-18 11:48:10 - deeppdf.api.routes - INFO - [文件导入] ✓ 导入成功: f_2fcd0ce5e77c -> data/uploads/如何阅读一本书.epub
2026-03-18 11:48:10 - deeppdf.api.routes - INFO - [秒索引] 检测到已有索引，复用: data/indexes/idx_1bccb7361edb.json
